---
source: crates/andamento-controller/src/main.rs
expression: "rail_frame_snapshot(&rendered.lines, 40)"
---
frame 40x10
00 |⚠ Attention| + 29 spaces
01 |  alpha-worker| + 26 spaces
02 |  gamma-worker| + 26 spaces
03 || + 40 spaces
04 || + 40 spaces
05 || + 40 spaces
06 || + 40 spaces
07 || + 40 spaces
08 || + 40 spaces
09 || + 40 spaces
