---
source: crates/andamento-rail/src/render/frame_snapshots.rs
assertion_line: 15
expression: frame
---
frame 38x16
00 |▼ andamento (1) ────────────────────○─|
01 |  ┌ andamento/work ─────────────────○┐|
02 |  │                                  │|
03 |  └──────────────────────────────────┘|
04 |▼ flotilla (1) ─────────────────────○─|
05 |  ┌ flotilla/work ──────────────────○┐|
06 |  │                                  │|
07 |  └──────────────────────────────────┘|
08 |▼ zellij (1) ───────────────────────○─|
09 |  ┌ zellij/work ────────────────────○┐|
10 |  │                                  │|
11 |  └──────────────────────────────────┘|
12 || + 38 spaces
13 || + 38 spaces
14 || + 38 spaces
15 |⚙                                    ○|
