---
source: crates/andamento-rail/src/render/frame_snapshots.rs
expression: "format!(\"medium\\n{medium}\\n\\nshort\\n{short}\")"
---
medium
frame 40x4
00 |┌──────────────────────────────────────┐|
01 |│                                      │|
02 |└──────────────────────────────────────┘|
03 |issues| + 34 spaces

short
frame 40x4
00 |┌──────────────────────────────────────┐|
01 |│                                      │|
02 |└──────────────────────────────────────┘|
03 |issues| + 34 spaces
