---
source: crates/andamento-core/src/render/frame_snapshots.rs
assertion_line: 13
expression: frame
---
frame 38x16
00 |▼ andamento (1) ────────────────────○─|
01 |  ┌ andamento/work ─────────────────○┐|
02 |  │                                  │|
03 |  │                                  │|
04 |  │                                  │|
05 |  │                                  │|
06 |  └──────────────────────────────────┘|
07 |▼ flotilla (1) ─────────────────────○─|
08 |  ┌ flotilla/work ──────────────────○┐|
09 |  │                                  │|
10 |  └──────────────────────────────────┘|
11 |▼ zellij (1) ───────────────────────○─|
12 |  ┌ zellij/work ────────────────────○┐|
13 |  │                                  │|
14 || + 38 spaces
15 |⚙                                  ○▲▼|
