---
source: crates/andamento-core/src/render/frame_snapshots.rs
assertion_line: 35
expression: frame
---
frame 48x12
00 |▼ andamento (1) ──────────────────────────────○─|
01 |  ┌ andamento/work ───────────────────────────○┐|
02 |  │                                            │|
03 |  │                                            │|
04 |  │                                            │|
05 |  │                                            │|
06 |  └────────────────────────────────────────────┘|
07 |┌ ○ #49 Keep hover detail visible ─────────────┐|
08 |│                                              │|
09 |└──────────────────────────────────────────────┘|
10 |[issue] #49 Keep hover detail visible| + 11 spaces
11 |⚙                                              ○|
